// Jest Snapshot v1, https://goo.gl/fbAQLP

exports[`Snapshot Checkbox should render correctly 1`] = `
Object {
  "asFragment": [Function],
  "baseElement": <body>
    <div
      id="chakra-toast-portal"
    >
      <ul
        id="chakra-toast-manager-top"
        style="position: fixed; z-index: 5500; pointer-events: none; display: flex; flex-direction: column; margin: 0px auto;"
      />
      <ul
        id="chakra-toast-manager-top-left"
        style="position: fixed; z-index: 5500; pointer-events: none; display: flex; flex-direction: column;"
      />
      <ul
        id="chakra-toast-manager-top-right"
        style="position: fixed; z-index: 5500; pointer-events: none; display: flex; flex-direction: column;"
      />
      <ul
        id="chakra-toast-manager-bottom-left"
        style="position: fixed; z-index: 5500; pointer-events: none; display: flex; flex-direction: column;"
      />
      <ul
        id="chakra-toast-manager-bottom"
        style="position: fixed; z-index: 5500; pointer-events: none; display: flex; flex-direction: column; margin: 0px auto;"
      />
      <ul
        id="chakra-toast-manager-bottom-right"
        style="position: fixed; z-index: 5500; pointer-events: none; display: flex; flex-direction: column;"
      />
    </div>
    <div>
      <div
        class="css-k456he"
      >
        <p
          class="chakra-text css-154u26z"
        >
          Checkbox
        </p>
        <div
          class="css-1o2srd0"
        >
          <div
            class="chakra-stack css-n21gh5"
          >
            <label
              class="chakra-checkbox css-re7v4p"
              data-checked=""
            >
              <input
                aria-disabled="false"
                aria-invalid="false"
                checked=""
                class="chakra-checkbox__input"
                style="border: 0px; clip: rect(0px, 0px, 0px, 0px); height: 1px; width: 1px; margin: -1px; padding: 0px; overflow: hidden; white-space: nowrap; position: absolute;"
                type="checkbox"
                value=""
              />
              <span
                aria-hidden="true"
                class="chakra-checkbox__control css-dnty2r"
                data-checked=""
              >
                <div
                  style="display: flex; align-items: center; justify-content: center; height: 100%; transform: none;"
                >
                  <svg
                    class="css-o8vbdw"
                    style="fill: none; stroke-width: 2; stroke: currentColor; stroke-dasharray: 16; opacity: 1; stroke-dashoffset: 0;"
                    viewBox="0 0 12 10"
                  >
                    <polyline
                      points="1.5 6 4.5 9 10.5 1"
                    />
                  </svg>
                </div>
              </span>
              <span
                class="chakra-checkbox__label css-1oeb2oe"
                data-checked=""
              >
                Checkbox Option One
              </span>
            </label>
            <label
              class="chakra-checkbox css-re7v4p"
            >
              <input
                aria-disabled="false"
                aria-invalid="false"
                class="chakra-checkbox__input"
                style="border: 0px; clip: rect(0px, 0px, 0px, 0px); height: 1px; width: 1px; margin: -1px; padding: 0px; overflow: hidden; white-space: nowrap; position: absolute;"
                type="checkbox"
                value=""
              />
              <span
                aria-hidden="true"
                class="chakra-checkbox__control css-dnty2r"
              />
              <span
                class="chakra-checkbox__label css-1oeb2oe"
              >
                Checkbox Option Two
              </span>
            </label>
            <label
              class="chakra-checkbox css-re7v4p"
            >
              <input
                aria-disabled="false"
                aria-invalid="false"
                class="chakra-checkbox__input"
                style="border: 0px; clip: rect(0px, 0px, 0px, 0px); height: 1px; width: 1px; margin: -1px; padding: 0px; overflow: hidden; white-space: nowrap; position: absolute;"
                type="checkbox"
                value=""
              />
              <span
                aria-hidden="true"
                class="chakra-checkbox__control css-dnty2r"
              />
              <span
                class="chakra-checkbox__label css-1oeb2oe"
              >
                Checkbox Option Three
              </span>
            </label>
          </div>
        </div>
      </div>
    </div>
  </body>,
  "container": <div>
    <div
      class="css-k456he"
    >
      <p
        class="chakra-text css-154u26z"
      >
        Checkbox
      </p>
      <div
        class="css-1o2srd0"
      >
        <div
          class="chakra-stack css-n21gh5"
        >
          <label
            class="chakra-checkbox css-re7v4p"
            data-checked=""
          >
            <input
              aria-disabled="false"
              aria-invalid="false"
              checked=""
              class="chakra-checkbox__input"
              style="border: 0px; clip: rect(0px, 0px, 0px, 0px); height: 1px; width: 1px; margin: -1px; padding: 0px; overflow: hidden; white-space: nowrap; position: absolute;"
              type="checkbox"
              value=""
            />
            <span
              aria-hidden="true"
              class="chakra-checkbox__control css-dnty2r"
              data-checked=""
            >
              <div
                style="display: flex; align-items: center; justify-content: center; height: 100%; transform: none;"
              >
                <svg
                  class="css-o8vbdw"
                  style="fill: none; stroke-width: 2; stroke: currentColor; stroke-dasharray: 16; opacity: 1; stroke-dashoffset: 0;"
                  viewBox="0 0 12 10"
                >
                  <polyline
                    points="1.5 6 4.5 9 10.5 1"
                  />
                </svg>
              </div>
            </span>
            <span
              class="chakra-checkbox__label css-1oeb2oe"
              data-checked=""
            >
              Checkbox Option One
            </span>
          </label>
          <label
            class="chakra-checkbox css-re7v4p"
          >
            <input
              aria-disabled="false"
              aria-invalid="false"
              class="chakra-checkbox__input"
              style="border: 0px; clip: rect(0px, 0px, 0px, 0px); height: 1px; width: 1px; margin: -1px; padding: 0px; overflow: hidden; white-space: nowrap; position: absolute;"
              type="checkbox"
              value=""
            />
            <span
              aria-hidden="true"
              class="chakra-checkbox__control css-dnty2r"
            />
            <span
              class="chakra-checkbox__label css-1oeb2oe"
            >
              Checkbox Option Two
            </span>
          </label>
          <label
            class="chakra-checkbox css-re7v4p"
          >
            <input
              aria-disabled="false"
              aria-invalid="false"
              class="chakra-checkbox__input"
              style="border: 0px; clip: rect(0px, 0px, 0px, 0px); height: 1px; width: 1px; margin: -1px; padding: 0px; overflow: hidden; white-space: nowrap; position: absolute;"
              type="checkbox"
              value=""
            />
            <span
              aria-hidden="true"
              class="chakra-checkbox__control css-dnty2r"
            />
            <span
              class="chakra-checkbox__label css-1oeb2oe"
            >
              Checkbox Option Three
            </span>
          </label>
        </div>
      </div>
    </div>
  </div>,
  "debug": [Function],
  "findAllByAltText": [Function],
  "findAllByDisplayValue": [Function],
  "findAllByLabelText": [Function],
  "findAllByPlaceholderText": [Function],
  "findAllByRole": [Function],
  "findAllByTestId": [Function],
  "findAllByText": [Function],
  "findAllByTitle": [Function],
  "findByAltText": [Function],
  "findByDisplayValue": [Function],
  "findByLabelText": [Function],
  "findByPlaceholderText": [Function],
  "findByRole": [Function],
  "findByTestId": [Function],
  "findByText": [Function],
  "findByTitle": [Function],
  "getAllByAltText": [Function],
  "getAllByDisplayValue": [Function],
  "getAllByLabelText": [Function],
  "getAllByPlaceholderText": [Function],
  "getAllByRole": [Function],
  "getAllByTestId": [Function],
  "getAllByText": [Function],
  "getAllByTitle": [Function],
  "getByAltText": [Function],
  "getByDisplayValue": [Function],
  "getByLabelText": [Function],
  "getByPlaceholderText": [Function],
  "getByRole": [Function],
  "getByTestId": [Function],
  "getByText": [Function],
  "getByTitle": [Function],
  "queryAllByAltText": [Function],
  "queryAllByDisplayValue": [Function],
  "queryAllByLabelText": [Function],
  "queryAllByPlaceholderText": [Function],
  "queryAllByRole": [Function],
  "queryAllByTestId": [Function],
  "queryAllByText": [Function],
  "queryAllByTitle": [Function],
  "queryByAltText": [Function],
  "queryByDisplayValue": [Function],
  "queryByLabelText": [Function],
  "queryByPlaceholderText": [Function],
  "queryByRole": [Function],
  "queryByTestId": [Function],
  "queryByText": [Function],
  "queryByTitle": [Function],
  "rerender": [Function],
  "unmount": [Function],
}
`;
