// Jest Snapshot v1, https://goo.gl/fbAQLP

exports[`TextAreaInput component test matches snapshot 1`] = `
Object {
  "asFragment": [Function],
  "baseElement": <body>
    <div
      id="chakra-toast-portal"
    >
      <ul
        id="chakra-toast-manager-top"
        style="position: fixed; z-index: 5500; pointer-events: none; display: flex; flex-direction: column; margin: 0px auto;"
      />
      <ul
        id="chakra-toast-manager-top-left"
        style="position: fixed; z-index: 5500; pointer-events: none; display: flex; flex-direction: column;"
      />
      <ul
        id="chakra-toast-manager-top-right"
        style="position: fixed; z-index: 5500; pointer-events: none; display: flex; flex-direction: column;"
      />
      <ul
        id="chakra-toast-manager-bottom-left"
        style="position: fixed; z-index: 5500; pointer-events: none; display: flex; flex-direction: column;"
      />
      <ul
        id="chakra-toast-manager-bottom"
        style="position: fixed; z-index: 5500; pointer-events: none; display: flex; flex-direction: column; margin: 0px auto;"
      />
      <ul
        id="chakra-toast-manager-bottom-right"
        style="position: fixed; z-index: 5500; pointer-events: none; display: flex; flex-direction: column;"
      />
    </div>
    <div>
      <div
        class="chakra-form-control css-k456he"
        role="group"
      >
        <label
          class="chakra-form__label css-1fdniw0"
          for="field-1"
          id="field-1-label"
        >
          Text area label
        </label>
        <div
          class="css-1o2srd0"
        >
          <textarea
            aria-describedby="field-1-helptext"
            class="chakra-textarea css-1rm7u2e"
            id="field-1"
            placeholder="Text area placeholder"
          />
        </div>
        <div
          class="chakra-form__helper-text css-otpbgk"
          id="field-1-helptext"
        >
          Caption text area
        </div>
        
      </div>
      <button
        type="button"
      >
        Toggle disabled
      </button>
      <button
        type="button"
      >
        Invalidate
      </button>
    </div>
  </body>,
  "container": <div>
    <div
      class="chakra-form-control css-k456he"
      role="group"
    >
      <label
        class="chakra-form__label css-1fdniw0"
        for="field-1"
        id="field-1-label"
      >
        Text area label
      </label>
      <div
        class="css-1o2srd0"
      >
        <textarea
          aria-describedby="field-1-helptext"
          class="chakra-textarea css-1rm7u2e"
          id="field-1"
          placeholder="Text area placeholder"
        />
      </div>
      <div
        class="chakra-form__helper-text css-otpbgk"
        id="field-1-helptext"
      >
        Caption text area
      </div>
      
    </div>
    <button
      type="button"
    >
      Toggle disabled
    </button>
    <button
      type="button"
    >
      Invalidate
    </button>
  </div>,
  "debug": [Function],
  "findAllByAltText": [Function],
  "findAllByDisplayValue": [Function],
  "findAllByLabelText": [Function],
  "findAllByPlaceholderText": [Function],
  "findAllByRole": [Function],
  "findAllByTestId": [Function],
  "findAllByText": [Function],
  "findAllByTitle": [Function],
  "findByAltText": [Function],
  "findByDisplayValue": [Function],
  "findByLabelText": [Function],
  "findByPlaceholderText": [Function],
  "findByRole": [Function],
  "findByTestId": [Function],
  "findByText": [Function],
  "findByTitle": [Function],
  "getAllByAltText": [Function],
  "getAllByDisplayValue": [Function],
  "getAllByLabelText": [Function],
  "getAllByPlaceholderText": [Function],
  "getAllByRole": [Function],
  "getAllByTestId": [Function],
  "getAllByText": [Function],
  "getAllByTitle": [Function],
  "getByAltText": [Function],
  "getByDisplayValue": [Function],
  "getByLabelText": [Function],
  "getByPlaceholderText": [Function],
  "getByRole": [Function],
  "getByTestId": [Function],
  "getByText": [Function],
  "getByTitle": [Function],
  "queryAllByAltText": [Function],
  "queryAllByDisplayValue": [Function],
  "queryAllByLabelText": [Function],
  "queryAllByPlaceholderText": [Function],
  "queryAllByRole": [Function],
  "queryAllByTestId": [Function],
  "queryAllByText": [Function],
  "queryAllByTitle": [Function],
  "queryByAltText": [Function],
  "queryByDisplayValue": [Function],
  "queryByLabelText": [Function],
  "queryByPlaceholderText": [Function],
  "queryByRole": [Function],
  "queryByTestId": [Function],
  "queryByText": [Function],
  "queryByTitle": [Function],
  "rerender": [Function],
  "unmount": [Function],
}
`;
