// Jest Snapshot v1, https://goo.gl/fbAQLP

exports[`Tabs component test should render correctly 1`] = `
Object {
  "asFragment": [Function],
  "baseElement": <body>
    <div
      id="chakra-toast-portal"
    >
      <ul
        id="chakra-toast-manager-top"
        style="position: fixed; z-index: 5500; pointer-events: none; display: flex; flex-direction: column; margin: 0px auto;"
      />
      <ul
        id="chakra-toast-manager-top-left"
        style="position: fixed; z-index: 5500; pointer-events: none; display: flex; flex-direction: column;"
      />
      <ul
        id="chakra-toast-manager-top-right"
        style="position: fixed; z-index: 5500; pointer-events: none; display: flex; flex-direction: column;"
      />
      <ul
        id="chakra-toast-manager-bottom-left"
        style="position: fixed; z-index: 5500; pointer-events: none; display: flex; flex-direction: column;"
      />
      <ul
        id="chakra-toast-manager-bottom"
        style="position: fixed; z-index: 5500; pointer-events: none; display: flex; flex-direction: column; margin: 0px auto;"
      />
      <ul
        id="chakra-toast-manager-bottom-right"
        style="position: fixed; z-index: 5500; pointer-events: none; display: flex; flex-direction: column;"
      />
    </div>
    <div>
      <div>
        <div
          class="chakra-tabs css-0"
        >
          <div
            class="css-gmuwbf"
          >
            <div
              aria-orientation="horizontal"
              class="chakra-tabs__tablist css-k008qs"
              role="tablist"
            >
              <button
                aria-controls="tabs-1--tabpanel-0"
                aria-selected="true"
                class="chakra-tabs__tab css-5wl5ud"
                data-index="0"
                id="tabs-1--tab-0"
                role="tab"
                tabindex="0"
                type="button"
              >
                First
              </button>
              <button
                aria-controls="tabs-1--tabpanel-1"
                aria-selected="false"
                class="chakra-tabs__tab css-5wl5ud"
                data-index="1"
                id="tabs-1--tab-1"
                role="tab"
                tabindex="-1"
                type="button"
              >
                Second
              </button>
              <button
                aria-controls="tabs-1--tabpanel-2"
                aria-selected="false"
                class="chakra-tabs__tab css-5wl5ud"
                data-index="2"
                id="tabs-1--tab-2"
                role="tab"
                tabindex="-1"
                type="button"
              >
                Third
              </button>
            </div>
          </div>
          <div
            class="chakra-tabs__tab-panels css-8atqhb"
          >
            <div
              aria-labelledby="tabs-1--tab-0"
              class="chakra-tabs__tab-panel css-sjt5nk"
              id="tabs-1--tabpanel-0"
              role="tabpanel"
              tabindex="0"
            >
              <div>
                FirstContent
              </div>
            </div>
            <div
              aria-labelledby="tabs-1--tab-1"
              class="chakra-tabs__tab-panel css-sjt5nk"
              hidden=""
              id="tabs-1--tabpanel-1"
              role="tabpanel"
              tabindex="0"
            >
              <div>
                SecondContent
              </div>
            </div>
            <div
              aria-labelledby="tabs-1--tab-2"
              class="chakra-tabs__tab-panel css-sjt5nk"
              hidden=""
              id="tabs-1--tabpanel-2"
              role="tabpanel"
              tabindex="0"
            >
              <div>
                ThirdContent
              </div>
            </div>
          </div>
        </div>
      </div>
    </div>
  </body>,
  "container": <div>
    <div>
      <div
        class="chakra-tabs css-0"
      >
        <div
          class="css-gmuwbf"
        >
          <div
            aria-orientation="horizontal"
            class="chakra-tabs__tablist css-k008qs"
            role="tablist"
          >
            <button
              aria-controls="tabs-1--tabpanel-0"
              aria-selected="true"
              class="chakra-tabs__tab css-5wl5ud"
              data-index="0"
              id="tabs-1--tab-0"
              role="tab"
              tabindex="0"
              type="button"
            >
              First
            </button>
            <button
              aria-controls="tabs-1--tabpanel-1"
              aria-selected="false"
              class="chakra-tabs__tab css-5wl5ud"
              data-index="1"
              id="tabs-1--tab-1"
              role="tab"
              tabindex="-1"
              type="button"
            >
              Second
            </button>
            <button
              aria-controls="tabs-1--tabpanel-2"
              aria-selected="false"
              class="chakra-tabs__tab css-5wl5ud"
              data-index="2"
              id="tabs-1--tab-2"
              role="tab"
              tabindex="-1"
              type="button"
            >
              Third
            </button>
          </div>
        </div>
        <div
          class="chakra-tabs__tab-panels css-8atqhb"
        >
          <div
            aria-labelledby="tabs-1--tab-0"
            class="chakra-tabs__tab-panel css-sjt5nk"
            id="tabs-1--tabpanel-0"
            role="tabpanel"
            tabindex="0"
          >
            <div>
              FirstContent
            </div>
          </div>
          <div
            aria-labelledby="tabs-1--tab-1"
            class="chakra-tabs__tab-panel css-sjt5nk"
            hidden=""
            id="tabs-1--tabpanel-1"
            role="tabpanel"
            tabindex="0"
          >
            <div>
              SecondContent
            </div>
          </div>
          <div
            aria-labelledby="tabs-1--tab-2"
            class="chakra-tabs__tab-panel css-sjt5nk"
            hidden=""
            id="tabs-1--tabpanel-2"
            role="tabpanel"
            tabindex="0"
          >
            <div>
              ThirdContent
            </div>
          </div>
        </div>
      </div>
    </div>
  </div>,
  "debug": [Function],
  "findAllByAltText": [Function],
  "findAllByDisplayValue": [Function],
  "findAllByLabelText": [Function],
  "findAllByPlaceholderText": [Function],
  "findAllByRole": [Function],
  "findAllByTestId": [Function],
  "findAllByText": [Function],
  "findAllByTitle": [Function],
  "findByAltText": [Function],
  "findByDisplayValue": [Function],
  "findByLabelText": [Function],
  "findByPlaceholderText": [Function],
  "findByRole": [Function],
  "findByTestId": [Function],
  "findByText": [Function],
  "findByTitle": [Function],
  "getAllByAltText": [Function],
  "getAllByDisplayValue": [Function],
  "getAllByLabelText": [Function],
  "getAllByPlaceholderText": [Function],
  "getAllByRole": [Function],
  "getAllByTestId": [Function],
  "getAllByText": [Function],
  "getAllByTitle": [Function],
  "getByAltText": [Function],
  "getByDisplayValue": [Function],
  "getByLabelText": [Function],
  "getByPlaceholderText": [Function],
  "getByRole": [Function],
  "getByTestId": [Function],
  "getByText": [Function],
  "getByTitle": [Function],
  "queryAllByAltText": [Function],
  "queryAllByDisplayValue": [Function],
  "queryAllByLabelText": [Function],
  "queryAllByPlaceholderText": [Function],
  "queryAllByRole": [Function],
  "queryAllByTestId": [Function],
  "queryAllByText": [Function],
  "queryAllByTitle": [Function],
  "queryByAltText": [Function],
  "queryByDisplayValue": [Function],
  "queryByLabelText": [Function],
  "queryByPlaceholderText": [Function],
  "queryByRole": [Function],
  "queryByTestId": [Function],
  "queryByText": [Function],
  "queryByTitle": [Function],
  "rerender": [Function],
  "unmount": [Function],
}
`;
